OTUS ДЗ: дата/время:
2025-07-01 11:37:36

OTUS ДЗ: дата/время:
2025-07-01 11:51:42

OTUS ДЗ: дата/время:
2025-07-01 11:51:45

OTUS ДЗ: дата/время writeToFile:
2025-07-01 12:55:40

OTUS ДЗ: дата/время dumpToFile=string(19) "2025-07-01 12:55:40"


OTUS ДЗ: дата/время writeToFile:
2025-07-02 07:50:07

OTUS ДЗ: дата/время dumpToFile=string(19) "2025-07-02 07:50:07"


OTUS ДЗ: дата/время writeToFile:
2025-07-02 07:55:22

OTUS ДЗ: дата/время dumpToFile=string(19) "2025-07-02 07:55:22"


OTUS ДЗ: дата/время writeToFile:
2025-07-02 07:56:03

OTUS ДЗ: дата/время dumpToFile=string(19) "2025-07-02 07:56:03"


OTUS ДЗ: дата/время writeToFile:
2025-07-02 07:58:57

OTUS ДЗ: дата/время dumpToFile=string(19) "2025-07-02 07:58:57"


OTUS ДЗ: дата/время writeToFile:
2025-07-02 07:59:58

OTUS ДЗ: дата/время dumpToFile=string(19) "2025-07-02 07:59:58"


OTUS ДЗ: дата/время writeToFile:
2025-07-02 08:00:14

OTUS ДЗ: дата/время dumpToFile=string(19) "2025-07-02 08:00:14"


OTUS ДЗ: дата/время writeToFile:
2025-07-02 22:40:47

OTUS ДЗ: дата/время dumpToFile=string(19) "2025-07-02 22:40:47"


OTUS ДЗ: дата/время writeToFile:
2025-07-02 22:43:57

OTUS ДЗ: дата/время dumpToFile=string(19) "2025-07-02 22:43:57"


ДЗ: дата/время writeToFile:
2025-07-02 23:05:47

ДЗ: дата/время dumpToFile=string(19) "2025-07-02 23:05:47"


ДЗ: дата/время writeToFile:
2025-07-02 23:06:20

ДЗ: дата/время dumpToFile=string(19) "2025-07-02 23:06:20"


ДЗ: дата/время writeToFile:
2025-07-02 23:18:53

ДЗ: дата/время dumpToFile=string(19) "2025-07-02 23:18:53"


ДЗ: дата/время writeToFile:
2025-07-03 02:14:39

ДЗ: дата/время dumpToFile=string(19) "2025-07-03 02:14:39"


ДЗ: дата/время writeToFile:
2025-07-08 12:06:49

ДЗ: дата/время dumpToFile=string(19) "2025-07-08 12:06:49"


ДЗ: дата/время writeToFile:
2025-07-08 12:08:42

ДЗ: дата/время dumpToFile=string(19) "2025-07-08 12:08:42"


ДЗ: дата/время writeToFile:
2025-07-08 12:09:35

ДЗ: дата/время dumpToFile=string(19) "2025-07-08 12:09:35"


